// Vitest Snapshot v1

exports[`VLabel > default slot 1`] = `"<label class=\\"v-label\\">Label text</label>"`;

exports[`VLabel > render default props 1`] = `"<label class=\\"v-label\\"></label>"`;
