// Vitest Snapshot v1

exports[`VKeyboardShortcuts > default render props 1`] = `"<div class=\\"v-keyboard-shortcuts v-keyboard-shortcuts--label-left\\"></div>"`;

exports[`VKeyboardShortcuts > items prop 1`] = `
"<div class=\\"v-keyboard-shortcuts v-keyboard-shortcuts--label-left\\">
  <dl>
    <dt>Increase 小ounter</dt>
    <dd>
      <div class=\\"v-keybinding-label\\" title=\\"UpArrow\\">
        <!--v-if--><span class=\\"v-keybinding-label__key\\">UpArrow</span>
      </div>
    </dd>
  </dl>
  <dl>
    <dt>Decrease 小ounter</dt>
    <dd>
      <div class=\\"v-keybinding-label\\" title=\\"DownArrow\\">
        <!--v-if--><span class=\\"v-keybinding-label__key\\">DownArrow</span>
      </div>
    </dd>
  </dl>
  <dl>
    <dt>Clear 小ounter</dt>
    <dd>
      <div class=\\"v-keybinding-label\\" title=\\"Delete\\">
        <!--v-if--><span class=\\"v-keybinding-label__key\\">Delete</span>
      </div>
    </dd>
  </dl>
  <dl>
    <dt>Clear 小ounter</dt>
    <dd>
      <div class=\\"v-keybinding-label\\" title=\\"Ctrl+Backspace\\">
        <!--v-if--><span class=\\"v-keybinding-label__key\\">Ctrl</span><span class=\\"v-keybinding-label__separator\\">+</span><span class=\\"v-keybinding-label__key\\">Backspace</span>
      </div>
    </dd>
  </dl>
</div>"
`;
